[stonecolddev.in/index.html]
[backblue.gif]
[fade.gif]
[index.html]
[stonecolddev.in/assets/application-24d259c985a7529c30f10dfa51efa0eef10e104849c3303e76f286ffb833fbb2.css]
[stonecolddev.in/assets/home-e3b0c44298fc1c149afbf4c8996fb92427ae41e4649b934ca495991b7852b855.css]
[stonecolddev.in/images/apple-touch-icon-144x144-precomposed.png]
[stonecolddev.in/images/apple-touch-icon-114x114-precomposed.png]
[stonecolddev.in/images/apple-touch-icon-72x72-precomposed.png]
[stonecolddev.in/images/apple-touch-icon-precomposed.png]
[stonecolddev.in/images/favicon.ico]
[stonecolddev.in/users/sign_up.html]
[stonecolddev.in/users/sign_in.html]
[stonecolddev.in/posts.html]
[stonecolddev.in/posts/rss-is-up.html]
[stonecolddev.in/users/1.html]
[stonecolddev.in/posts/playing-with-scala-building-a-small-web-app-with-play-2-4-play-slick-and-postgres-part-2-testing.html]
[stonecolddev.in/posts/playing-with-scala-building-a-small-web-app-with-play-2-4-play-slick-and-postgres.html]
[stonecolddev.in/playing-with-scala-building-a-small-web-app-with-play-2-4-play-slick-and-postgres-part-2-testing]
[stonecolddev.in/posts/snippet-run-fsck-on-lvm-partitions.html]
[stonecolddev.in/posts/introducing-fluorescent.html]
[stonecolddev.in/posts/re-re-playing-with-scala-building-a-small-web-app-with-play-2-4-play-slick-and-postgres-a6661dcc-47cb-43fb-9ad5-3e9815264f92.html]
[stonecolddev.in/users/11.html]
[stonecolddev.in/index4658.html]
[stonecolddev.in/index9ba9.html]
[stonecolddev.in/posts/re-playing-with-scala-building-a-small-web-app-with-play-2-4-play-slick-and-postgres-995d37b5-dd73-4026-a230-f42916315523.html]
[stonecolddev.in/indexfdb0.html]
[stonecolddev.in/users/4.html]
[stonecolddev.in/posts/re-playing-with-scala-building-a-small-web-app-with-play-2-4-play-slick-and-postgres-8a76baaf-db32-40cb-8852-8dea9e392e82.html]
[stonecolddev.in/indexaf4d.html]
[stonecolddev.in/index235c.html]
[stonecolddev.in/users/3.html]
[stonecolddev.in/categories/tech-help.html]
[stonecolddev.in/categories/code-snippets.html]
[stonecolddev.in/categories/devops.html]
[stonecolddev.in/categories/9.html]
[stonecolddev.in/categories/8.html]
[stonecolddev.in/categories/7.html]
[stonecolddev.in/categories/programming.html]
[stonecolddev.in/categories/general.html]
[stonecolddev.in/0/00]
[stonecolddev.in/2016/06.html]
[stonecolddev.in/2015/08.html]
[stonecolddev.in/2015/06.html]
[stonecolddev.in/2015/05.html]
[stonecolddev.in/2015/02.html]
[stonecolddev.in/2015/01.html]
[stonecolddev.in/2014/12.html]
[stonecolddev.in/2014/11.html]
[stonecolddev.in/2014/10.html]
[stonecolddev.in/2014/09.html]
[stonecolddev.in/index.html]
[stonecolddev.in/assets/jquery-ui/ui-bg_flat_75_ffffff_40x100-39ab7ccd9f4e82579da78a9241265df288d8eb65dbbd7cf48aed2d0129887df5.png]
[stonecolddev.in/assets/home-0b49e5589c0b754795ec3744e394bb16c1bb4934cadb70d2488c99e8fcb8976d.js]
[stonecolddev.in/assets/jquery-ui/ui-bg_highlight-soft_75_cccccc_1x100-54270656df079c4da5182629a080fc633b6f84b87985eb016d25a560e2c38d4a.png]
[stonecolddev.in/assets/jquery-ui/ui-bg_glass_75_e6e6e6_1x400-ddf5dd4e0ef2b185e8bb0af7b6e90ebe74a84384cb4700658e76e754c8bfe550.png]
[stonecolddev.in/assets/jquery-ui/ui-bg_glass_75_dadada_1x400-c108f5cbf2dd9ec07a26530695ddd95e1664597ce6c056ae44c162cc2e28cec4.png]
[stonecolddev.in/assets/application-2cfc6678b490e33002a68236b6c5d4a3691723d70b06c0e5e9fb52934470efbe.js]
[stonecolddev.in/assets/jquery-ui/ui-bg_glass_65_ffffff_1x400-f0e6cd91b837d5c5644d026e5ffeccd907953317cd5c0f689901733afda260b2.png]
[stonecolddev.in/assets/jquery-ui/ui-bg_glass_55_fbf9ee_1x400-691597e8a40a891ea94d3589976ecfc33e6145c49422443b00ac2b5a0022964c.png]
[stonecolddev.in/assets/jquery-ui/ui-bg_glass_95_fef1ec_1x400-f6f1c1bedf1a0f37cfef81d12f5f012869d1ee7c984775a569827a1784d34f5c.png]
[stonecolddev.in/assets/jquery-ui/ui-icons_222222_256x240-57adb0d65f4e91dacfee975d9574422bee7486c8a182d60133728c672f2cdbbc.png]
[stonecolddev.in/assets/jquery-ui/ui-icons_888888_256x240-ea2e29625de3463465e93b002b065f5833e05b97f7a052b1c141e754d62e1a8b.png]
[stonecolddev.in/assets/jquery-ui/ui-icons_454545_256x240-07460e843c3e59aaadbb34231e699e856a2980753c7a47b66447da5d9f93fb7f.png]
[stonecolddev.in/assets/jquery-ui/ui-icons_2e83ff_256x240-20f8c6667afc48aa433ee9eb6d8a0584bdbd6b4a4a9091ff1e6b3adb31e63bd9.png]
[stonecolddev.in/assets/jquery-ui/ui-icons_cd0a0a_256x240-1e32c6dbf5d3fd342f27a78aa881550d6412aa207f48468724a6a15402b6041b.png]
[stonecolddev.in/assets/application-24d259c985a7529c30f10dfa51efa0eef10e104849c3303e76f286ffb833fbb2.css]
[stonecolddev.in/assets/home-e3b0c44298fc1c149afbf4c8996fb92427ae41e4649b934ca495991b7852b855.css]
[stonecolddev.in/images/apple-touch-icon-144x144-precomposed.html]
[stonecolddev.in/images/apple-touch-icon-114x114-precomposed.html]
[stonecolddev.in/images/apple-touch-icon-72x72-precomposed.html]
[stonecolddev.in/images/apple-touch-icon-precomposed.html]
[stonecolddev.in/images/favicon.html]
[stonecolddev.in/assets/jquery-ui/ui-bg_flat_0_aaaaaa_40x100-9a8492a580bf85d3e98ae8861fbd45567e5a1f83eeafcf9574da0399d5f602ab.png]
[stonecolddev.in/assets/registrations-e3b0c44298fc1c149afbf4c8996fb92427ae41e4649b934ca495991b7852b855.css]
[stonecolddev.in/users/sign_up.html]
[stonecolddev.in/assets/registrations-01ba4719c80b6fe911b091a7c05124b64eeece964e09c058ef8f9805daca546b.js]
[stonecolddev.in/stylesheets/sessions.css]
[stonecolddev.in/users/password/new.html]
[stonecolddev.in/javascripts/sessions.js]
[stonecolddev.in/users/sign_in.html]
[stonecolddev.in/assets/posts-11d38437333d33a8d5e290fc265a18821de3a415743629310652cdd3858429e0.css]
[stonecolddev.in/posts4658.html]
[stonecolddev.in/posts9ba9.html]
[stonecolddev.in/postsfdb0.html]
[stonecolddev.in/postsaf4d.html]
[stonecolddev.in/posts235c.html]
[stonecolddev.in/posts.html]
[stonecolddev.in/assets/posts-91efcc14089ce1794162dd25aa30f0aa9c48e63abf50f1ff60a0a0860081e54d.js]
[stonecolddev.in/posts/rss-is-up.html]
[stonecolddev.in/assets/users-e3b0c44298fc1c149afbf4c8996fb92427ae41e4649b934ca495991b7852b855.css]
[stonecolddev.in/cdn-cgi/l/email-protection.html]
[stonecolddev.in/users.html]
[stonecolddev.in/users/1.html]
[stonecolddev.in/feed.rss]
[stonecolddev.in/assets/users-0b49e5589c0b754795ec3744e394bb16c1bb4934cadb70d2488c99e8fcb8976d.js]
[stonecolddev.in/posts/playing-with-scala-building-a-small-web-app-with-play-2-4-play-slick-and-postgres-part-2-testing.html]
[stonecolddev.in/posts/playing-with-scala-building-a-small-web-app-with-play-2-4-play-slick-and-postgres.html]
[stonecolddev.in/playing-with-scala-building-a-small-web-app-with-play-2-4-play-slick-and-postgres-part-2-testing.html]
[stonecolddev.in/posts/snippet-run-fsck-on-lvm-partitions.html]
[stonecolddev.in/posts/introducing-fluorescent.html]
[stonecolddev.in/posts/treeify-0-05-released.html]
[stonecolddev.in/posts/snippet-prepend-git-log-to-your-changelog.html]
[stonecolddev.in/posts/replies-are-fixed.html]
[stonecolddev.in/posts/twitter-authentication-now-works.html]
[stonecolddev.in/posts/posting-from-twitter.html]
[stonecolddev.in/index4658.html]
[stonecolddev.in/users/2.html]
[stonecolddev.in/indexc575.html]
[stonecolddev.in/posts/pages-are-broken.html]
[stonecolddev.in/posts/golang-application-namespacing.html]
[stonecolddev.in/posts/linux-snippet-bring-networking-back-up.html]
[stonecolddev.in/posts/treeify-0-04-released.html]
[stonecolddev.in/index9ba9.html]
[stonecolddev.in/posts/and-we-re-back.html]
[stonecolddev.in/posts/handling-increased-load.html]
[stonecolddev.in/posts/quick-and-dirty-how-to-trees-in-sql-postgres-rails-4.html]
[stonecolddev.in/posts/caching-caching-caching-and-more-caching.html]
[stonecolddev.in/posts/treeify-0-03-release.html]
[stonecolddev.in/posts/application-configuration-using-rails-4-postgres-9-4-and-json.html]
[stonecolddev.in/posts/look-i-got-featured.html]
[stonecolddev.in/quick-and-dirty-how-to-trees-in-sql-postgres-rails-4]
[stonecolddev.in/indexfdb0.html]
[stonecolddev.in/posts/replies-are-enabled.html]
[stonecolddev.in/posts/post-every-day.html]
[stonecolddev.in/posts/phat-workout-regiment.html]
[stonecolddev.in/indexaf4d.html]
[stonecolddev.in/posts/bitching-about-bootstrap-3-dropdown-menus.html]
[stonecolddev.in/posts/mina-and-migrations.html]
[stonecolddev.in/posts/welp-that-s-a-bug.html]
[stonecolddev.in/posts/kodiak-a-cms.html]
[stonecolddev.in/posts/tinymce-test.html]
[stonecolddev.in/index235c.html]
[stonecolddev.in/posts/first-post.html]
[stonecolddev.in/posts/re-re-playing-with-scala-building-a-small-web-app-with-play-2-4-play-slick-and-postgres-a6661dcc-47cb-43fb-9ad5-3e9815264f92.html]
[stonecolddev.in/posts/re-playing-with-scala-building-a-small-web-app-with-play-2-4-play-slick-and-postgres.html]
[stonecolddev.in/users/11.html]
[stonecolddev.in/posts/re-playing-with-scala-building-a-small-web-app-with-play-2-4-play-slick-and-postgres-995d37b5-dd73-4026-a230-f42916315523.html]
[stonecolddev.in/users/4.html]
[stonecolddev.in/posts/re-playing-with-scala-building-a-small-web-app-with-play-2-4-play-slick-and-postgres-8a76baaf-db32-40cb-8852-8dea9e392e82.html]
[stonecolddev.in/users/3.html]
[stonecolddev.in/assets/categories-e3b0c44298fc1c149afbf4c8996fb92427ae41e4649b934ca495991b7852b855.css]
[stonecolddev.in/categories.html]
[stonecolddev.in/categories/tech-help.html]
[stonecolddev.in/assets/categories-0b49e5589c0b754795ec3744e394bb16c1bb4934cadb70d2488c99e8fcb8976d.js]
[stonecolddev.in/categories/code-snippets.html]
[stonecolddev.in/categories/devops.html]
[stonecolddev.in/posts/configuration-transformation-with-ctt.html]
[stonecolddev.in/categories/9.html]
[stonecolddev.in/categories/8.html]
[stonecolddev.in/categories/7.html]
[stonecolddev.in/posts/ascii-star-wars.html]
[stonecolddev.in/posts/re-re-playing-with-scala-building-a-small-web-app-with-play-2-4-play-slick-and-postgres-d9e81fcb-3a30-4cfe-9eac-bc7e1b912bc3.html]
[stonecolddev.in/posts/re-re-playing-with-scala-building-a-small-web-app-with-play-2-4-play-slick-and-postgres-320af56f-ab40-4321-984e-dd07ebf4c9c3.html]
[stonecolddev.in/posts/re-replies-are-enabled.html]
[stonecolddev.in/posts/re-re-replies-are-enabled.html]
[stonecolddev.in/posts/uploads-and-mina.html]
[stonecolddev.in/posts/good-news-everyone.html]
[stonecolddev.in/posts/links-work.html]
[stonecolddev.in/posts/rails-asset-compression.html]
[stonecolddev.in/posts/re-re-re-replies-are-enabled.html]
[stonecolddev.in/categories/quick-and-dirty-how-to-trees-in-sql-postgres-rails-4]
[stonecolddev.in/posts/calculating-aws-s3-storage-usage-with-csv-textql.html]
[stonecolddev.in/posts/re-re-handling-increased-load.html]
[stonecolddev.in/posts/re-handling-increased-load.html]
[stonecolddev.in/categories/programming.html]
[stonecolddev.in/posts/re-re-playing-with-scala-building-a-small-web-app-with-play-2-4-play-slick-and-postgres.html]
[stonecolddev.in/posts/test-draft.html]
[stonecolddev.in/categories/general.html]
[stonecolddev.in/0/00.html]
[stonecolddev.in/posts/re-posting-from-twitter.html]
[stonecolddev.in/assets/archives-e3b0c44298fc1c149afbf4c8996fb92427ae41e4649b934ca495991b7852b855.css]
[stonecolddev.in/2016/06.html]
[stonecolddev.in/assets/archives-0b49e5589c0b754795ec3744e394bb16c1bb4934cadb70d2488c99e8fcb8976d.js]
[stonecolddev.in/2015/08.html]
[stonecolddev.in/2015/06.html]
[stonecolddev.in/2015/05.html]
[stonecolddev.in/2015/02.html]
[stonecolddev.in/2015/01.html]
[stonecolddev.in/2014/12.html]
[stonecolddev.in/2014/11.html]
[stonecolddev.in/2014/104658.html]
[stonecolddev.in/2014/10.html]
[stonecolddev.in/2014/109ba9.html]
[stonecolddev.in/2014/094658.html]
[stonecolddev.in/2014/09.html]
[stonecolddev.in/assets/application-2cfc6678b490e33002a68236b6c5d4a3691723d70b06c0e5e9fb52934470efbe.js]
[stonecolddev.in/assets/home-0b49e5589c0b754795ec3744e394bb16c1bb4934cadb70d2488c99e8fcb8976d.js]
[stonecolddev.in/assets/registrations-e3b0c44298fc1c149afbf4c8996fb92427ae41e4649b934ca495991b7852b855.css]
[stonecolddev.in/assets/registrations-01ba4719c80b6fe911b091a7c05124b64eeece964e09c058ef8f9805daca546b.js]
[stonecolddev.in/stylesheets/sessions.html]
[stonecolddev.in/2014/099ba9.html]
[stonecolddev.in/stylesheets/passwords.css]
[stonecolddev.in/javascripts/passwords.js]
[stonecolddev.in/users/password/new.html]
[stonecolddev.in/javascripts/sessions.html]
[stonecolddev.in/assets/posts-11d38437333d33a8d5e290fc265a18821de3a415743629310652cdd3858429e0.css]
[stonecolddev.in/posts4658.html]
[stonecolddev.in/postsc575.html]
[stonecolddev.in/posts9ba9.html]
[stonecolddev.in/postsfdb0.html]
[stonecolddev.in/postsaf4d.html]
[stonecolddev.in/posts235c.html]
[stonecolddev.in/assets/posts-91efcc14089ce1794162dd25aa30f0aa9c48e63abf50f1ff60a0a0860081e54d.js]
[stonecolddev.in/assets/users-e3b0c44298fc1c149afbf4c8996fb92427ae41e4649b934ca495991b7852b855.css]
[stonecolddev.in/cdn-cgi/l/email-protection.html]
[stonecolddev.in/users/5.html]
[stonecolddev.in/users/6.html]
[stonecolddev.in/users/7.html]
[stonecolddev.in/users/8.html]
[stonecolddev.in/users/9.html]
[stonecolddev.in/users/10.html]
[stonecolddev.in/users.html]
[stonecolddev.in/assets/users-0b49e5589c0b754795ec3744e394bb16c1bb4934cadb70d2488c99e8fcb8976d.js]
[stonecolddev.in/users/new.html]
[stonecolddev.in/posts/treeify-0-05-released.html]
[stonecolddev.in/posts/snippet-prepend-git-log-to-your-changelog.html]
[stonecolddev.in/posts/replies-are-fixed.html]
[stonecolddev.in/posts/twitter-authentication-now-works.html]
[stonecolddev.in/posts/posting-from-twitter.html]
[stonecolddev.in/users/2.html]
[stonecolddev.in/indexc575.html]
[stonecolddev.in/posts/pages-are-broken.html]
[stonecolddev.in/posts/golang-application-namespacing.html]
[stonecolddev.in/posts/linux-snippet-bring-networking-back-up.html]
[stonecolddev.in/posts/treeify-0-04-released.html]
[stonecolddev.in/posts/and-we-re-back.html]
[stonecolddev.in/posts/handling-increased-load.html]
[stonecolddev.in/posts/quick-and-dirty-how-to-trees-in-sql-postgres-rails-4.html]
[stonecolddev.in/posts/caching-caching-caching-and-more-caching.html]
[stonecolddev.in/posts/treeify-0-03-release.html]
[stonecolddev.in/posts/application-configuration-using-rails-4-postgres-9-4-and-json.html]
[stonecolddev.in/posts/look-i-got-featured.html]
[stonecolddev.in/quick-and-dirty-how-to-trees-in-sql-postgres-rails-4.html]
[stonecolddev.in/posts/replies-are-enabled.html]
[stonecolddev.in/posts/post-every-day.html]
[stonecolddev.in/posts/phat-workout-regiment.html]
[stonecolddev.in/posts/bitching-about-bootstrap-3-dropdown-menus.html]
[stonecolddev.in/posts/mina-and-migrations.html]
[stonecolddev.in/posts/welp-that-s-a-bug.html]
[stonecolddev.in/posts/kodiak-a-cms.html]
[stonecolddev.in/posts/tinymce-test.html]
[stonecolddev.in/posts/first-post.html]
[stonecolddev.in/posts/re-playing-with-scala-building-a-small-web-app-with-play-2-4-play-slick-and-postgres.html]
[stonecolddev.in/assets/categories-e3b0c44298fc1c149afbf4c8996fb92427ae41e4649b934ca495991b7852b855.css]
[stonecolddev.in/categories.html]
[stonecolddev.in/assets/categories-0b49e5589c0b754795ec3744e394bb16c1bb4934cadb70d2488c99e8fcb8976d.js]
[stonecolddev.in/categories/new.html]
[stonecolddev.in/posts/configuration-transformation-with-ctt.html]
[stonecolddev.in/posts/ascii-star-wars.html]
[stonecolddev.in/posts/re-re-playing-with-scala-building-a-small-web-app-with-play-2-4-play-slick-and-postgres-d9e81fcb-3a30-4cfe-9eac-bc7e1b912bc3.html]
[stonecolddev.in/posts/re-re-playing-with-scala-building-a-small-web-app-with-play-2-4-play-slick-and-postgres-320af56f-ab40-4321-984e-dd07ebf4c9c3.html]
[stonecolddev.in/posts/re-replies-are-enabled.html]
[stonecolddev.in/posts/re-re-replies-are-enabled.html]
[stonecolddev.in/posts/uploads-and-mina.html]
[stonecolddev.in/posts/good-news-everyone.html]
[stonecolddev.in/posts/links-work.html]
[stonecolddev.in/posts/rails-asset-compression.html]
[stonecolddev.in/posts/re-re-re-replies-are-enabled.html]
[stonecolddev.in/categories/quick-and-dirty-how-to-trees-in-sql-postgres-rails-4.html]
[stonecolddev.in/posts/calculating-aws-s3-storage-usage-with-csv-textql.html]
[stonecolddev.in/posts/re-re-handling-increased-load.html]
[stonecolddev.in/posts/re-handling-increased-load.html]
[stonecolddev.in/posts/re-re-playing-with-scala-building-a-small-web-app-with-play-2-4-play-slick-and-postgres.html]
[stonecolddev.in/posts/test-draft.html]
[stonecolddev.in/posts/re-posting-from-twitter.html]
[stonecolddev.in/assets/archives-e3b0c44298fc1c149afbf4c8996fb92427ae41e4649b934ca495991b7852b855.css]
[stonecolddev.in/assets/archives-0b49e5589c0b754795ec3744e394bb16c1bb4934cadb70d2488c99e8fcb8976d.js]
[stonecolddev.in/2014/quick-and-dirty-how-to-trees-in-sql-postgres-rails-4]
[stonecolddev.in/2014/104658.html]
[stonecolddev.in/2014/109ba9.html]
[stonecolddev.in/2014/094658.html]
[stonecolddev.in/2014/099ba9.html]
[stonecolddev.in/stylesheets/passwords.html]
[stonecolddev.in/javascripts/passwords.html]
[stonecolddev.in/postsc575.html]
[stonecolddev.in/users/5.html]
[stonecolddev.in/users/6.html]
[stonecolddev.in/users/7.html]
[stonecolddev.in/users/8.html]
[stonecolddev.in/users/9.html]
[stonecolddev.in/users/10.html]
[stonecolddev.in/users/new.html]
[stonecolddev.in/categories/new.html]
[stonecolddev.in/2014/quick-and-dirty-how-to-trees-in-sql-postgres-rails-4.html]
